mode: set
github.com/MatveyArbuzov/fincart/cmd/api/main.go:23.13,29.16 4 0
github.com/MatveyArbuzov/fincart/cmd/api/main.go:29.16,34.3 1 0
github.com/MatveyArbuzov/fincart/cmd/api/main.go:35.2,40.21 4 0
github.com/MatveyArbuzov/fincart/cmd/api/main.go:40.21,42.3 1 0
github.com/MatveyArbuzov/fincart/cmd/api/main.go:44.2,145.12 21 0
github.com/MatveyArbuzov/fincart/cmd/api/main.go:145.12,148.49 2 0
github.com/MatveyArbuzov/fincart/cmd/api/main.go:148.49,150.4 1 0
github.com/MatveyArbuzov/fincart/cmd/api/main.go:155.2,163.9 3 0
github.com/MatveyArbuzov/fincart/cmd/api/main.go:164.26,165.44 1 0
github.com/MatveyArbuzov/fincart/cmd/api/main.go:165.44,170.4 1 0
github.com/MatveyArbuzov/fincart/cmd/api/main.go:172.31,176.4 1 0
github.com/MatveyArbuzov/fincart/cmd/api/main.go:181.2,187.53 3 0
github.com/MatveyArbuzov/fincart/cmd/api/main.go:187.53,194.3 2 0
github.com/MatveyArbuzov/fincart/cmd/api/main.go:196.2,196.42 1 0
github.com/MatveyArbuzov/fincart/cmd/migrate/main.go:17.13,21.15 3 0
github.com/MatveyArbuzov/fincart/cmd/migrate/main.go:21.15,23.3 1 0
github.com/MatveyArbuzov/fincart/cmd/migrate/main.go:25.2,26.16 2 0
github.com/MatveyArbuzov/fincart/cmd/migrate/main.go:26.16,28.3 1 0
github.com/MatveyArbuzov/fincart/cmd/migrate/main.go:29.2,31.44 2 0
github.com/MatveyArbuzov/fincart/cmd/migrate/main.go:31.44,33.3 1 0
github.com/MatveyArbuzov/fincart/cmd/migrate/main.go:35.2,35.55 1 0
github.com/MatveyArbuzov/fincart/cmd/migrate/main.go:35.55,37.3 1 0
github.com/MatveyArbuzov/fincart/cmd/migrate/main.go:39.2,39.47 1 0
github.com/MatveyArbuzov/fincart/cmd/migrate/main.go:39.47,41.3 1 0
github.com/MatveyArbuzov/fincart/cmd/migrate/main.go:43.2,43.50 1 0
github.com/MatveyArbuzov/fincart/cmd/migrate/main.go:49.9,61.2 3 0
github.com/MatveyArbuzov/fincart/cmd/migrate/main.go:66.9,68.16 2 0
github.com/MatveyArbuzov/fincart/cmd/migrate/main.go:68.16,70.3 1 0
github.com/MatveyArbuzov/fincart/cmd/migrate/main.go:72.2,74.29 2 0
github.com/MatveyArbuzov/fincart/cmd/migrate/main.go:74.29,76.17 2 0
github.com/MatveyArbuzov/fincart/cmd/migrate/main.go:76.17,78.4 1 0
github.com/MatveyArbuzov/fincart/cmd/migrate/main.go:80.3,85.17 2 0
github.com/MatveyArbuzov/fincart/cmd/migrate/main.go:85.17,87.4 1 0
github.com/MatveyArbuzov/fincart/cmd/migrate/main.go:89.3,89.14 1 0
github.com/MatveyArbuzov/fincart/cmd/migrate/main.go:89.14,95.12 2 0
github.com/MatveyArbuzov/fincart/cmd/migrate/main.go:98.3,99.17 2 0
github.com/MatveyArbuzov/fincart/cmd/migrate/main.go:99.17,105.4 1 0
github.com/MatveyArbuzov/fincart/cmd/migrate/main.go:107.3,108.17 2 0
github.com/MatveyArbuzov/fincart/cmd/migrate/main.go:108.17,110.4 1 0
github.com/MatveyArbuzov/fincart/cmd/migrate/main.go:112.3,115.17 1 0
github.com/MatveyArbuzov/fincart/cmd/migrate/main.go:115.17,123.4 2 0
github.com/MatveyArbuzov/fincart/cmd/migrate/main.go:125.3,136.17 1 0
github.com/MatveyArbuzov/fincart/cmd/migrate/main.go:136.17,144.4 2 0
github.com/MatveyArbuzov/fincart/cmd/migrate/main.go:146.3,146.37 1 0
github.com/MatveyArbuzov/fincart/cmd/migrate/main.go:146.37,152.4 1 0
github.com/MatveyArbuzov/fincart/cmd/migrate/main.go:154.3,157.4 1 0
github.com/MatveyArbuzov/fincart/cmd/migrate/main.go:160.2,160.12 1 0
github.com/MatveyArbuzov/fincart/cmd/migrate/main.go:165.26,174.21 3 1
github.com/MatveyArbuzov/fincart/cmd/migrate/main.go:174.21,179.3 1 1
github.com/MatveyArbuzov/fincart/cmd/migrate/main.go:181.2,186.16 2 1
github.com/MatveyArbuzov/fincart/cmd/migrate/main.go:186.16,191.3 1 1
github.com/MatveyArbuzov/fincart/cmd/migrate/main.go:193.2,193.27 1 1
github.com/MatveyArbuzov/fincart/cmd/migrate/main.go:200.17,216.2 3 0
github.com/MatveyArbuzov/fincart/internal/auth/admin.go:7.16,11.4 1 1
github.com/MatveyArbuzov/fincart/internal/auth/admin.go:11.4,14.29 2 1
github.com/MatveyArbuzov/fincart/internal/auth/admin.go:14.29,21.4 2 1
github.com/MatveyArbuzov/fincart/internal/auth/admin.go:23.3,23.23 1 1
github.com/MatveyArbuzov/fincart/internal/auth/context.go:12.68,14.2 1 1
github.com/MatveyArbuzov/fincart/internal/auth/context.go:16.59,19.2 2 1
github.com/MatveyArbuzov/fincart/internal/auth/context.go:21.65,23.2 1 1
github.com/MatveyArbuzov/fincart/internal/auth/context.go:25.58,28.2 2 1
github.com/MatveyArbuzov/fincart/internal/auth/jwt.go:19.47,23.2 1 1
github.com/MatveyArbuzov/fincart/internal/auth/jwt.go:37.19,58.2 4 1
github.com/MatveyArbuzov/fincart/internal/auth/jwt.go:62.26,66.47 1 1
github.com/MatveyArbuzov/fincart/internal/auth/jwt.go:66.47,67.46 1 1
github.com/MatveyArbuzov/fincart/internal/auth/jwt.go:67.46,69.5 1 1
github.com/MatveyArbuzov/fincart/internal/auth/jwt.go:71.4,71.24 1 1
github.com/MatveyArbuzov/fincart/internal/auth/jwt.go:75.2,75.16 1 1
github.com/MatveyArbuzov/fincart/internal/auth/jwt.go:75.16,77.3 1 1
github.com/MatveyArbuzov/fincart/internal/auth/jwt.go:79.2,79.18 1 1
github.com/MatveyArbuzov/fincart/internal/auth/jwt.go:79.18,81.3 1 0
github.com/MatveyArbuzov/fincart/internal/auth/jwt.go:83.2,84.9 2 1
github.com/MatveyArbuzov/fincart/internal/auth/jwt.go:84.9,86.3 1 0
github.com/MatveyArbuzov/fincart/internal/auth/jwt.go:88.2,88.45 1 1
github.com/MatveyArbuzov/fincart/internal/auth/jwt.go:88.45,90.3 1 1
github.com/MatveyArbuzov/fincart/internal/auth/jwt.go:92.2,92.40 1 1
github.com/MatveyArbuzov/fincart/internal/auth/jwt.go:95.65,96.71 1 1
github.com/MatveyArbuzov/fincart/internal/auth/jwt.go:96.71,99.23 2 1
github.com/MatveyArbuzov/fincart/internal/auth/jwt.go:99.23,102.4 2 1
github.com/MatveyArbuzov/fincart/internal/auth/jwt.go:104.3,107.43 2 1
github.com/MatveyArbuzov/fincart/internal/auth/jwt.go:107.43,110.4 2 1
github.com/MatveyArbuzov/fincart/internal/auth/jwt.go:112.3,113.17 2 1
github.com/MatveyArbuzov/fincart/internal/auth/jwt.go:113.17,116.4 2 1
github.com/MatveyArbuzov/fincart/internal/auth/jwt.go:118.3,132.4 3 1
github.com/MatveyArbuzov/fincart/internal/auth/middleware.go:10.18,16.2 2 1
github.com/MatveyArbuzov/fincart/internal/auth/middleware.go:20.35,21.46 1 1
github.com/MatveyArbuzov/fincart/internal/auth/middleware.go:21.46,23.49 1 1
github.com/MatveyArbuzov/fincart/internal/auth/middleware.go:23.49,28.12 2 1
github.com/MatveyArbuzov/fincart/internal/auth/middleware.go:28.12,35.6 2 1
github.com/MatveyArbuzov/fincart/internal/auth/middleware.go:37.5,37.28 1 1
github.com/MatveyArbuzov/fincart/internal/auth/middleware.go:37.28,44.6 2 1
github.com/MatveyArbuzov/fincart/internal/auth/middleware.go:46.5,46.25 1 1
github.com/MatveyArbuzov/fincart/internal/auth/postgres_refresh_repository.go:15.74,17.2 1 1
github.com/MatveyArbuzov/fincart/internal/auth/postgres_refresh_repository.go:23.9,42.2 3 1
github.com/MatveyArbuzov/fincart/internal/auth/postgres_refresh_repository.go:48.25,76.16 4 1
github.com/MatveyArbuzov/fincart/internal/auth/postgres_refresh_repository.go:76.16,77.36 1 1
github.com/MatveyArbuzov/fincart/internal/auth/postgres_refresh_repository.go:77.36,79.4 1 1
github.com/MatveyArbuzov/fincart/internal/auth/postgres_refresh_repository.go:81.3,81.29 1 1
github.com/MatveyArbuzov/fincart/internal/auth/postgres_refresh_repository.go:84.2,84.19 1 1
github.com/MatveyArbuzov/fincart/internal/auth/postgres_refresh_repository.go:91.9,106.2 3 1
github.com/MatveyArbuzov/fincart/internal/auth/refresh_service.go:49.19,56.2 1 1
github.com/MatveyArbuzov/fincart/internal/auth/refresh_service.go:58.45,61.43 2 1
github.com/MatveyArbuzov/fincart/internal/auth/refresh_service.go:61.43,63.3 1 0
github.com/MatveyArbuzov/fincart/internal/auth/refresh_service.go:65.2,65.56 1 1
github.com/MatveyArbuzov/fincart/internal/auth/refresh_service.go:68.44,72.2 2 1
github.com/MatveyArbuzov/fincart/internal/auth/refresh_service.go:78.27,79.31 1 1
github.com/MatveyArbuzov/fincart/internal/auth/refresh_service.go:79.31,81.3 1 1
github.com/MatveyArbuzov/fincart/internal/auth/refresh_service.go:83.2,84.16 2 1
github.com/MatveyArbuzov/fincart/internal/auth/refresh_service.go:84.16,86.3 1 0
github.com/MatveyArbuzov/fincart/internal/auth/refresh_service.go:88.2,94.30 3 1
github.com/MatveyArbuzov/fincart/internal/auth/refresh_service.go:94.30,105.18 1 1
github.com/MatveyArbuzov/fincart/internal/auth/refresh_service.go:105.18,107.5 1 0
github.com/MatveyArbuzov/fincart/internal/auth/refresh_service.go:109.4,115.18 3 1
github.com/MatveyArbuzov/fincart/internal/auth/refresh_service.go:115.18,117.5 1 0
github.com/MatveyArbuzov/fincart/internal/auth/refresh_service.go:119.4,119.14 1 1
github.com/MatveyArbuzov/fincart/internal/auth/refresh_service.go:123.2,123.16 1 1
github.com/MatveyArbuzov/fincart/internal/auth/refresh_service.go:123.16,125.3 1 0
github.com/MatveyArbuzov/fincart/internal/auth/refresh_service.go:127.2,127.39 1 1
github.com/MatveyArbuzov/fincart/internal/auth/refresh_service.go:133.27,134.24 1 1
github.com/MatveyArbuzov/fincart/internal/auth/refresh_service.go:134.24,136.3 1 1
github.com/MatveyArbuzov/fincart/internal/auth/refresh_service.go:138.2,147.30 3 1
github.com/MatveyArbuzov/fincart/internal/auth/refresh_service.go:147.30,153.18 2 1
github.com/MatveyArbuzov/fincart/internal/auth/refresh_service.go:153.18,157.7 1 1
github.com/MatveyArbuzov/fincart/internal/auth/refresh_service.go:157.7,159.6 1 1
github.com/MatveyArbuzov/fincart/internal/auth/refresh_service.go:161.5,161.15 1 0
github.com/MatveyArbuzov/fincart/internal/auth/refresh_service.go:164.4,164.36 1 1
github.com/MatveyArbuzov/fincart/internal/auth/refresh_service.go:164.36,166.5 1 1
github.com/MatveyArbuzov/fincart/internal/auth/refresh_service.go:168.4,170.6 1 1
github.com/MatveyArbuzov/fincart/internal/auth/refresh_service.go:170.6,172.5 1 1
github.com/MatveyArbuzov/fincart/internal/auth/refresh_service.go:174.4,179.18 2 1
github.com/MatveyArbuzov/fincart/internal/auth/refresh_service.go:179.18,181.5 1 0
github.com/MatveyArbuzov/fincart/internal/auth/refresh_service.go:183.4,187.18 1 1
github.com/MatveyArbuzov/fincart/internal/auth/refresh_service.go:187.18,189.5 1 0
github.com/MatveyArbuzov/fincart/internal/auth/refresh_service.go:191.4,192.18 2 1
github.com/MatveyArbuzov/fincart/internal/auth/refresh_service.go:192.18,194.5 1 0
github.com/MatveyArbuzov/fincart/internal/auth/refresh_service.go:196.4,208.18 1 1
github.com/MatveyArbuzov/fincart/internal/auth/refresh_service.go:208.18,210.5 1 0
github.com/MatveyArbuzov/fincart/internal/auth/refresh_service.go:212.4,216.18 2 1
github.com/MatveyArbuzov/fincart/internal/auth/refresh_service.go:216.18,218.5 1 0
github.com/MatveyArbuzov/fincart/internal/auth/refresh_service.go:220.4,220.14 1 1
github.com/MatveyArbuzov/fincart/internal/auth/refresh_service.go:224.2,224.16 1 1
github.com/MatveyArbuzov/fincart/internal/auth/refresh_service.go:224.16,226.3 1 1
github.com/MatveyArbuzov/fincart/internal/auth/refresh_service.go:228.2,228.42 1 1
github.com/MatveyArbuzov/fincart/internal/auth/refresh_service.go:234.9,235.24 1 1
github.com/MatveyArbuzov/fincart/internal/auth/refresh_service.go:235.24,237.3 1 1
github.com/MatveyArbuzov/fincart/internal/auth/refresh_service.go:239.2,243.30 2 1
github.com/MatveyArbuzov/fincart/internal/auth/refresh_service.go:243.30,249.18 2 1
github.com/MatveyArbuzov/fincart/internal/auth/refresh_service.go:249.18,253.7 1 1
github.com/MatveyArbuzov/fincart/internal/auth/refresh_service.go:253.7,255.6 1 1
github.com/MatveyArbuzov/fincart/internal/auth/refresh_service.go:257.5,257.15 1 0
github.com/MatveyArbuzov/fincart/internal/auth/refresh_service.go:260.4,260.30 1 1
github.com/MatveyArbuzov/fincart/internal/auth/refresh_service.go:260.30,262.5 1 1
github.com/MatveyArbuzov/fincart/internal/auth/refresh_service.go:264.4,268.5 1 1
github.com/MatveyArbuzov/fincart/internal/cart/handler.go:26.52,30.2 1 1
github.com/MatveyArbuzov/fincart/internal/cart/handler.go:35.3,37.9 2 1
github.com/MatveyArbuzov/fincart/internal/cart/handler.go:37.9,44.3 2 0
github.com/MatveyArbuzov/fincart/internal/cart/handler.go:46.2,50.16 2 1
github.com/MatveyArbuzov/fincart/internal/cart/handler.go:50.16,53.3 2 1
github.com/MatveyArbuzov/fincart/internal/cart/handler.go:55.2,59.3 1 1
github.com/MatveyArbuzov/fincart/internal/cart/handler.go:65.3,67.9 2 1
github.com/MatveyArbuzov/fincart/internal/cart/handler.go:67.9,74.3 2 0
github.com/MatveyArbuzov/fincart/internal/cart/handler.go:76.2,78.65 2 1
github.com/MatveyArbuzov/fincart/internal/cart/handler.go:78.65,85.3 2 1
github.com/MatveyArbuzov/fincart/internal/cart/handler.go:87.2,92.16 2 1
github.com/MatveyArbuzov/fincart/internal/cart/handler.go:92.16,95.3 2 1
github.com/MatveyArbuzov/fincart/internal/cart/handler.go:97.2,101.3 1 1
github.com/MatveyArbuzov/fincart/internal/cart/handler.go:107.3,109.9 2 1
github.com/MatveyArbuzov/fincart/internal/cart/handler.go:109.9,116.3 2 0
github.com/MatveyArbuzov/fincart/internal/cart/handler.go:118.2,123.34 2 1
github.com/MatveyArbuzov/fincart/internal/cart/handler.go:123.34,130.3 2 1
github.com/MatveyArbuzov/fincart/internal/cart/handler.go:132.2,134.65 2 1
github.com/MatveyArbuzov/fincart/internal/cart/handler.go:134.65,141.3 2 1
github.com/MatveyArbuzov/fincart/internal/cart/handler.go:143.2,149.16 2 1
github.com/MatveyArbuzov/fincart/internal/cart/handler.go:149.16,152.3 2 1
github.com/MatveyArbuzov/fincart/internal/cart/handler.go:154.2,158.3 1 1
github.com/MatveyArbuzov/fincart/internal/cart/handler.go:164.3,166.9 2 1
github.com/MatveyArbuzov/fincart/internal/cart/handler.go:166.9,173.3 2 0
github.com/MatveyArbuzov/fincart/internal/cart/handler.go:175.2,180.34 2 1
github.com/MatveyArbuzov/fincart/internal/cart/handler.go:180.34,187.3 2 1
github.com/MatveyArbuzov/fincart/internal/cart/handler.go:189.2,194.16 2 1
github.com/MatveyArbuzov/fincart/internal/cart/handler.go:194.16,197.3 2 1
github.com/MatveyArbuzov/fincart/internal/cart/handler.go:199.2,203.3 1 1
github.com/MatveyArbuzov/fincart/internal/cart/handler.go:209.3,211.9 2 1
github.com/MatveyArbuzov/fincart/internal/cart/handler.go:211.9,218.3 2 0
github.com/MatveyArbuzov/fincart/internal/cart/handler.go:220.2,224.16 2 1
github.com/MatveyArbuzov/fincart/internal/cart/handler.go:224.16,227.3 2 1
github.com/MatveyArbuzov/fincart/internal/cart/handler.go:229.2,233.3 1 1
github.com/MatveyArbuzov/fincart/internal/cart/handler.go:236.55,240.31 2 1
github.com/MatveyArbuzov/fincart/internal/cart/handler.go:240.31,242.3 1 0
github.com/MatveyArbuzov/fincart/internal/cart/handler.go:244.2,244.28 1 1
github.com/MatveyArbuzov/fincart/internal/cart/handler.go:251.3,260.2 3 1
github.com/MatveyArbuzov/fincart/internal/cart/handler.go:266.3,276.2 1 1
github.com/MatveyArbuzov/fincart/internal/cart/handler.go:281.3,282.9 1 1
github.com/MatveyArbuzov/fincart/internal/cart/handler.go:284.38,289.4 1 1
github.com/MatveyArbuzov/fincart/internal/cart/handler.go:291.42,296.4 1 1
github.com/MatveyArbuzov/fincart/internal/cart/handler.go:298.39,303.4 1 1
github.com/MatveyArbuzov/fincart/internal/cart/handler.go:305.43,310.4 1 1
github.com/MatveyArbuzov/fincart/internal/cart/handler.go:312.44,317.4 1 1
github.com/MatveyArbuzov/fincart/internal/cart/handler.go:319.44,324.4 1 1
github.com/MatveyArbuzov/fincart/internal/cart/handler.go:326.36,331.4 1 1
github.com/MatveyArbuzov/fincart/internal/cart/handler.go:333.10,338.4 1 1
github.com/MatveyArbuzov/fincart/internal/cart/postgres_repository.go:12.50,14.2 1 1
github.com/MatveyArbuzov/fincart/internal/cart/postgres_repository.go:20.17,52.16 4 1
github.com/MatveyArbuzov/fincart/internal/cart/postgres_repository.go:52.16,53.27 1 1
github.com/MatveyArbuzov/fincart/internal/cart/postgres_repository.go:53.27,55.4 1 1
github.com/MatveyArbuzov/fincart/internal/cart/postgres_repository.go:57.3,57.21 1 0
github.com/MatveyArbuzov/fincart/internal/cart/postgres_repository.go:60.2,60.18 1 1
github.com/MatveyArbuzov/fincart/internal/cart/postgres_repository.go:67.17,100.16 4 1
github.com/MatveyArbuzov/fincart/internal/cart/postgres_repository.go:100.16,102.3 1 0
github.com/MatveyArbuzov/fincart/internal/cart/postgres_repository.go:104.2,104.18 1 1
github.com/MatveyArbuzov/fincart/internal/cart/postgres_repository.go:112.17,147.16 4 1
github.com/MatveyArbuzov/fincart/internal/cart/postgres_repository.go:147.16,148.27 1 0
github.com/MatveyArbuzov/fincart/internal/cart/postgres_repository.go:148.27,150.4 1 0
github.com/MatveyArbuzov/fincart/internal/cart/postgres_repository.go:152.3,152.21 1 0
github.com/MatveyArbuzov/fincart/internal/cart/postgres_repository.go:155.2,155.18 1 1
github.com/MatveyArbuzov/fincart/internal/cart/postgres_repository.go:165.17,193.16 4 1
github.com/MatveyArbuzov/fincart/internal/cart/postgres_repository.go:193.16,195.3 1 0
github.com/MatveyArbuzov/fincart/internal/cart/postgres_repository.go:197.2,197.18 1 1
github.com/MatveyArbuzov/fincart/internal/cart/postgres_repository.go:206.9,221.16 3 1
github.com/MatveyArbuzov/fincart/internal/cart/postgres_repository.go:221.16,223.3 1 1
github.com/MatveyArbuzov/fincart/internal/cart/postgres_repository.go:225.2,226.16 2 1
github.com/MatveyArbuzov/fincart/internal/cart/postgres_repository.go:226.16,228.3 1 1
github.com/MatveyArbuzov/fincart/internal/cart/postgres_repository.go:230.2,230.15 1 1
github.com/MatveyArbuzov/fincart/internal/cart/postgres_repository.go:230.15,232.3 1 1
github.com/MatveyArbuzov/fincart/internal/cart/postgres_repository.go:234.2,234.12 1 1
github.com/MatveyArbuzov/fincart/internal/cart/postgres_repository.go:242.9,255.16 3 1
github.com/MatveyArbuzov/fincart/internal/cart/postgres_repository.go:255.16,257.3 1 1
github.com/MatveyArbuzov/fincart/internal/cart/postgres_repository.go:259.2,260.16 2 1
github.com/MatveyArbuzov/fincart/internal/cart/postgres_repository.go:260.16,262.3 1 1
github.com/MatveyArbuzov/fincart/internal/cart/postgres_repository.go:264.2,264.15 1 1
github.com/MatveyArbuzov/fincart/internal/cart/postgres_repository.go:264.15,266.3 1 1
github.com/MatveyArbuzov/fincart/internal/cart/postgres_repository.go:268.2,268.12 1 1
github.com/MatveyArbuzov/fincart/internal/cart/postgres_repository.go:275.19,297.16 3 1
github.com/MatveyArbuzov/fincart/internal/cart/postgres_repository.go:297.16,299.3 1 0
github.com/MatveyArbuzov/fincart/internal/cart/postgres_repository.go:300.2,304.18 3 1
github.com/MatveyArbuzov/fincart/internal/cart/postgres_repository.go:304.18,316.17 2 1
github.com/MatveyArbuzov/fincart/internal/cart/postgres_repository.go:316.17,318.4 1 0
github.com/MatveyArbuzov/fincart/internal/cart/postgres_repository.go:320.3,320.30 1 1
github.com/MatveyArbuzov/fincart/internal/cart/postgres_repository.go:323.2,323.35 1 1
github.com/MatveyArbuzov/fincart/internal/cart/postgres_repository.go:323.35,325.3 1 0
github.com/MatveyArbuzov/fincart/internal/cart/postgres_repository.go:327.2,327.19 1 1
github.com/MatveyArbuzov/fincart/internal/cart/postgres_repository.go:336.9,355.2 3 1
github.com/MatveyArbuzov/fincart/internal/cart/postgres_repository.go:361.9,374.16 3 1
github.com/MatveyArbuzov/fincart/internal/cart/postgres_repository.go:374.16,376.3 1 1
github.com/MatveyArbuzov/fincart/internal/cart/postgres_repository.go:378.2,379.16 2 1
github.com/MatveyArbuzov/fincart/internal/cart/postgres_repository.go:379.16,381.3 1 1
github.com/MatveyArbuzov/fincart/internal/cart/postgres_repository.go:383.2,383.15 1 1
github.com/MatveyArbuzov/fincart/internal/cart/postgres_repository.go:383.15,385.3 1 1
github.com/MatveyArbuzov/fincart/internal/cart/postgres_repository.go:387.2,387.12 1 1
github.com/MatveyArbuzov/fincart/internal/cart/postgres_repository.go:394.17,424.16 4 1
github.com/MatveyArbuzov/fincart/internal/cart/postgres_repository.go:424.16,425.27 1 1
github.com/MatveyArbuzov/fincart/internal/cart/postgres_repository.go:425.27,427.4 1 1
github.com/MatveyArbuzov/fincart/internal/cart/postgres_repository.go:429.3,429.21 1 0
github.com/MatveyArbuzov/fincart/internal/cart/postgres_repository.go:432.2,432.18 1 1
github.com/MatveyArbuzov/fincart/internal/cart/postgres_repository.go:441.9,458.2 3 1
github.com/MatveyArbuzov/fincart/internal/cart/service.go:57.12,63.2 1 1
github.com/MatveyArbuzov/fincart/internal/cart/service.go:68.17,69.17 1 1
github.com/MatveyArbuzov/fincart/internal/cart/service.go:69.17,71.3 1 1
github.com/MatveyArbuzov/fincart/internal/cart/service.go:73.2,77.30 2 1
github.com/MatveyArbuzov/fincart/internal/cart/service.go:77.30,83.18 2 1
github.com/MatveyArbuzov/fincart/internal/cart/service.go:83.18,85.5 1 1
github.com/MatveyArbuzov/fincart/internal/cart/service.go:87.4,87.20 1 1
github.com/MatveyArbuzov/fincart/internal/cart/service.go:87.20,93.5 1 1
github.com/MatveyArbuzov/fincart/internal/cart/service.go:95.4,95.20 1 1
github.com/MatveyArbuzov/fincart/internal/cart/service.go:95.20,101.19 2 1
github.com/MatveyArbuzov/fincart/internal/cart/service.go:101.19,103.6 1 0
github.com/MatveyArbuzov/fincart/internal/cart/service.go:105.5,105.23 1 1
github.com/MatveyArbuzov/fincart/internal/cart/service.go:108.4,110.14 2 1
github.com/MatveyArbuzov/fincart/internal/cart/service.go:114.2,114.16 1 1
github.com/MatveyArbuzov/fincart/internal/cart/service.go:114.16,116.3 1 1
github.com/MatveyArbuzov/fincart/internal/cart/service.go:118.2,118.20 1 1
github.com/MatveyArbuzov/fincart/internal/cart/service.go:125.17,126.17 1 1
github.com/MatveyArbuzov/fincart/internal/cart/service.go:126.17,128.3 1 1
github.com/MatveyArbuzov/fincart/internal/cart/service.go:130.2,130.28 1 1
github.com/MatveyArbuzov/fincart/internal/cart/service.go:130.28,132.3 1 1
github.com/MatveyArbuzov/fincart/internal/cart/service.go:134.2,134.27 1 1
github.com/MatveyArbuzov/fincart/internal/cart/service.go:134.27,136.3 1 1
github.com/MatveyArbuzov/fincart/internal/cart/service.go:138.2,142.30 2 1
github.com/MatveyArbuzov/fincart/internal/cart/service.go:142.30,148.18 2 1
github.com/MatveyArbuzov/fincart/internal/cart/service.go:148.18,150.5 1 0
github.com/MatveyArbuzov/fincart/internal/cart/service.go:152.4,157.18 2 1
github.com/MatveyArbuzov/fincart/internal/cart/service.go:157.18,158.51 1 1
github.com/MatveyArbuzov/fincart/internal/cart/service.go:158.51,160.6 1 1
github.com/MatveyArbuzov/fincart/internal/cart/service.go:162.5,162.15 1 0
github.com/MatveyArbuzov/fincart/internal/cart/service.go:165.4,174.18 3 1
github.com/MatveyArbuzov/fincart/internal/cart/service.go:174.18,176.5 1 1
github.com/MatveyArbuzov/fincart/internal/cart/service.go:176.10,176.45 1 1
github.com/MatveyArbuzov/fincart/internal/cart/service.go:176.45,178.5 1 0
github.com/MatveyArbuzov/fincart/internal/cart/service.go:180.4,180.42 1 1
github.com/MatveyArbuzov/fincart/internal/cart/service.go:180.42,182.5 1 1
github.com/MatveyArbuzov/fincart/internal/cart/service.go:184.4,184.18 1 1
github.com/MatveyArbuzov/fincart/internal/cart/service.go:184.18,191.19 1 1
github.com/MatveyArbuzov/fincart/internal/cart/service.go:191.19,193.6 1 0
github.com/MatveyArbuzov/fincart/internal/cart/service.go:194.10,202.19 1 1
github.com/MatveyArbuzov/fincart/internal/cart/service.go:202.19,204.6 1 0
github.com/MatveyArbuzov/fincart/internal/cart/service.go:207.4,211.18 1 1
github.com/MatveyArbuzov/fincart/internal/cart/service.go:211.18,213.5 1 0
github.com/MatveyArbuzov/fincart/internal/cart/service.go:215.4,221.14 2 1
github.com/MatveyArbuzov/fincart/internal/cart/service.go:225.2,225.16 1 1
github.com/MatveyArbuzov/fincart/internal/cart/service.go:225.16,227.3 1 1
github.com/MatveyArbuzov/fincart/internal/cart/service.go:229.2,229.20 1 1
github.com/MatveyArbuzov/fincart/internal/cart/service.go:237.17,238.35 1 1
github.com/MatveyArbuzov/fincart/internal/cart/service.go:238.35,240.3 1 1
github.com/MatveyArbuzov/fincart/internal/cart/service.go:242.2,242.19 1 1
github.com/MatveyArbuzov/fincart/internal/cart/service.go:242.19,244.3 1 1
github.com/MatveyArbuzov/fincart/internal/cart/service.go:246.2,250.30 2 1
github.com/MatveyArbuzov/fincart/internal/cart/service.go:250.30,256.18 2 1
github.com/MatveyArbuzov/fincart/internal/cart/service.go:256.18,258.5 1 0
github.com/MatveyArbuzov/fincart/internal/cart/service.go:260.4,260.20 1 1
github.com/MatveyArbuzov/fincart/internal/cart/service.go:260.20,262.5 1 1
github.com/MatveyArbuzov/fincart/internal/cart/service.go:264.4,269.18 2 1
github.com/MatveyArbuzov/fincart/internal/cart/service.go:269.18,270.51 1 1
github.com/MatveyArbuzov/fincart/internal/cart/service.go:270.51,272.6 1 1
github.com/MatveyArbuzov/fincart/internal/cart/service.go:274.5,274.15 1 0
github.com/MatveyArbuzov/fincart/internal/cart/service.go:277.4,277.39 1 1
github.com/MatveyArbuzov/fincart/internal/cart/service.go:277.39,279.5 1 1
github.com/MatveyArbuzov/fincart/internal/cart/service.go:281.4,287.18 1 1
github.com/MatveyArbuzov/fincart/internal/cart/service.go:287.18,288.38 1 1
github.com/MatveyArbuzov/fincart/internal/cart/service.go:288.38,290.6 1 1
github.com/MatveyArbuzov/fincart/internal/cart/service.go:292.5,292.15 1 0
github.com/MatveyArbuzov/fincart/internal/cart/service.go:295.4,299.18 1 0
github.com/MatveyArbuzov/fincart/internal/cart/service.go:299.18,301.5 1 0
github.com/MatveyArbuzov/fincart/internal/cart/service.go:303.4,309.14 2 0
github.com/MatveyArbuzov/fincart/internal/cart/service.go:313.2,313.16 1 1
github.com/MatveyArbuzov/fincart/internal/cart/service.go:313.16,315.3 1 1
github.com/MatveyArbuzov/fincart/internal/cart/service.go:317.2,317.20 1 0
github.com/MatveyArbuzov/fincart/internal/cart/service.go:324.17,325.35 1 1
github.com/MatveyArbuzov/fincart/internal/cart/service.go:325.35,327.3 1 1
github.com/MatveyArbuzov/fincart/internal/cart/service.go:329.2,333.30 2 1
github.com/MatveyArbuzov/fincart/internal/cart/service.go:333.30,339.18 2 1
github.com/MatveyArbuzov/fincart/internal/cart/service.go:339.18,341.5 1 0
github.com/MatveyArbuzov/fincart/internal/cart/service.go:343.4,343.20 1 1
github.com/MatveyArbuzov/fincart/internal/cart/service.go:343.20,345.5 1 1
github.com/MatveyArbuzov/fincart/internal/cart/service.go:347.4,352.18 1 1
github.com/MatveyArbuzov/fincart/internal/cart/service.go:352.18,353.38 1 1
github.com/MatveyArbuzov/fincart/internal/cart/service.go:353.38,355.6 1 1
github.com/MatveyArbuzov/fincart/internal/cart/service.go:357.5,357.15 1 0
github.com/MatveyArbuzov/fincart/internal/cart/service.go:360.4,364.18 1 0
github.com/MatveyArbuzov/fincart/internal/cart/service.go:364.18,366.5 1 0
github.com/MatveyArbuzov/fincart/internal/cart/service.go:368.4,374.14 2 0
github.com/MatveyArbuzov/fincart/internal/cart/service.go:378.2,378.16 1 1
github.com/MatveyArbuzov/fincart/internal/cart/service.go:378.16,380.3 1 1
github.com/MatveyArbuzov/fincart/internal/cart/service.go:382.2,382.20 1 0
github.com/MatveyArbuzov/fincart/internal/cart/service.go:388.24,389.17 1 1
github.com/MatveyArbuzov/fincart/internal/cart/service.go:389.17,391.3 1 1
github.com/MatveyArbuzov/fincart/internal/cart/service.go:393.2,397.30 2 1
github.com/MatveyArbuzov/fincart/internal/cart/service.go:397.30,403.18 2 1
github.com/MatveyArbuzov/fincart/internal/cart/service.go:403.18,405.5 1 0
github.com/MatveyArbuzov/fincart/internal/cart/service.go:407.4,407.20 1 1
github.com/MatveyArbuzov/fincart/internal/cart/service.go:407.20,409.5 1 1
github.com/MatveyArbuzov/fincart/internal/cart/service.go:411.4,416.18 2 1
github.com/MatveyArbuzov/fincart/internal/cart/service.go:416.18,418.5 1 0
github.com/MatveyArbuzov/fincart/internal/cart/service.go:420.4,420.23 1 1
github.com/MatveyArbuzov/fincart/internal/cart/service.go:420.23,422.5 1 1
github.com/MatveyArbuzov/fincart/internal/cart/service.go:429.4,433.31 3 1
github.com/MatveyArbuzov/fincart/internal/cart/service.go:433.31,436.5 2 1
github.com/MatveyArbuzov/fincart/internal/cart/service.go:438.4,440.25 1 1
github.com/MatveyArbuzov/fincart/internal/cart/service.go:440.25,442.6 1 1
github.com/MatveyArbuzov/fincart/internal/cart/service.go:445.4,450.41 2 1
github.com/MatveyArbuzov/fincart/internal/cart/service.go:450.41,456.19 2 1
github.com/MatveyArbuzov/fincart/internal/cart/service.go:456.19,457.52 1 0
github.com/MatveyArbuzov/fincart/internal/cart/service.go:457.52,459.7 1 0
github.com/MatveyArbuzov/fincart/internal/cart/service.go:461.6,461.16 1 0
github.com/MatveyArbuzov/fincart/internal/cart/service.go:464.5,466.40 2 1
github.com/MatveyArbuzov/fincart/internal/cart/service.go:466.40,468.6 1 1
github.com/MatveyArbuzov/fincart/internal/cart/service.go:470.5,470.23 1 1
github.com/MatveyArbuzov/fincart/internal/cart/service.go:470.23,472.6 1 1
github.com/MatveyArbuzov/fincart/internal/cart/service.go:474.5,474.44 1 1
github.com/MatveyArbuzov/fincart/internal/cart/service.go:474.44,476.6 1 1
github.com/MatveyArbuzov/fincart/internal/cart/service.go:478.5,478.58 1 1
github.com/MatveyArbuzov/fincart/internal/cart/service.go:484.4,484.31 1 1
github.com/MatveyArbuzov/fincart/internal/cart/service.go:484.31,490.19 2 1
github.com/MatveyArbuzov/fincart/internal/cart/service.go:490.19,492.6 1 0
github.com/MatveyArbuzov/fincart/internal/cart/service.go:494.5,502.19 2 1
github.com/MatveyArbuzov/fincart/internal/cart/service.go:502.19,504.6 1 0
github.com/MatveyArbuzov/fincart/internal/cart/service.go:507.4,513.18 1 1
github.com/MatveyArbuzov/fincart/internal/cart/service.go:513.18,515.5 1 0
github.com/MatveyArbuzov/fincart/internal/cart/service.go:517.4,517.41 1 1
github.com/MatveyArbuzov/fincart/internal/cart/service.go:517.41,523.19 1 1
github.com/MatveyArbuzov/fincart/internal/cart/service.go:523.19,525.6 1 0
github.com/MatveyArbuzov/fincart/internal/cart/service.go:528.4,532.18 1 1
github.com/MatveyArbuzov/fincart/internal/cart/service.go:532.18,533.38 1 0
github.com/MatveyArbuzov/fincart/internal/cart/service.go:533.38,535.6 1 0
github.com/MatveyArbuzov/fincart/internal/cart/service.go:537.5,537.15 1 0
github.com/MatveyArbuzov/fincart/internal/cart/service.go:540.4,549.14 2 1
github.com/MatveyArbuzov/fincart/internal/cart/service.go:553.2,553.16 1 1
github.com/MatveyArbuzov/fincart/internal/cart/service.go:553.16,555.3 1 1
github.com/MatveyArbuzov/fincart/internal/cart/service.go:557.2,557.20 1 1
github.com/MatveyArbuzov/fincart/internal/cart/service.go:564.17,570.16 2 1
github.com/MatveyArbuzov/fincart/internal/cart/service.go:570.16,572.3 1 0
github.com/MatveyArbuzov/fincart/internal/cart/service.go:574.2,574.18 1 1
github.com/MatveyArbuzov/fincart/internal/cart/service.go:574.18,576.3 1 1
github.com/MatveyArbuzov/fincart/internal/cart/service.go:578.2,582.3 1 0
github.com/MatveyArbuzov/fincart/internal/cart/service.go:589.17,595.16 2 1
github.com/MatveyArbuzov/fincart/internal/cart/service.go:595.16,597.3 1 0
github.com/MatveyArbuzov/fincart/internal/cart/service.go:599.2,604.16 2 1
github.com/MatveyArbuzov/fincart/internal/cart/service.go:604.16,606.3 1 0
github.com/MatveyArbuzov/fincart/internal/cart/service.go:608.2,610.18 2 1
github.com/MatveyArbuzov/fincart/internal/cart/service.go:617.9,623.16 2 1
github.com/MatveyArbuzov/fincart/internal/cart/service.go:623.16,625.3 1 1
github.com/MatveyArbuzov/fincart/internal/cart/service.go:627.2,627.21 1 1
github.com/MatveyArbuzov/fincart/internal/cart/service.go:627.21,635.3 1 1
github.com/MatveyArbuzov/fincart/internal/cart/service.go:637.2,642.29 2 1
github.com/MatveyArbuzov/fincart/internal/cart/service.go:642.29,643.21 1 1
github.com/MatveyArbuzov/fincart/internal/cart/service.go:643.21,645.4 1 1
github.com/MatveyArbuzov/fincart/internal/cart/service.go:647.3,647.32 1 1
github.com/MatveyArbuzov/fincart/internal/cart/service.go:647.32,649.4 1 1
github.com/MatveyArbuzov/fincart/internal/cart/service.go:651.3,651.49 1 1
github.com/MatveyArbuzov/fincart/internal/cart/service.go:654.2,660.3 1 1
github.com/MatveyArbuzov/fincart/internal/database/postgres.go:11.68,13.16 2 0
github.com/MatveyArbuzov/fincart/internal/database/postgres.go:13.16,15.3 1 0
github.com/MatveyArbuzov/fincart/internal/database/postgres.go:17.2,21.44 4 0
github.com/MatveyArbuzov/fincart/internal/database/postgres.go:21.44,23.3 1 0
github.com/MatveyArbuzov/fincart/internal/database/postgres.go:25.2,25.16 1 0
github.com/MatveyArbuzov/fincart/internal/database/transaction.go:36.38,40.2 1 1
github.com/MatveyArbuzov/fincart/internal/database/transaction.go:45.9,47.16 2 1
github.com/MatveyArbuzov/fincart/internal/database/transaction.go:47.16,49.3 1 1
github.com/MatveyArbuzov/fincart/internal/database/transaction.go:51.2,51.31 1 1
github.com/MatveyArbuzov/fincart/internal/database/transaction.go:51.31,52.55 1 1
github.com/MatveyArbuzov/fincart/internal/database/transaction.go:52.55,54.4 1 1
github.com/MatveyArbuzov/fincart/internal/database/transaction.go:56.3,56.13 1 1
github.com/MatveyArbuzov/fincart/internal/database/transaction.go:59.2,59.20 1 1
github.com/MatveyArbuzov/fincart/internal/httpserver/router.go:19.16,202.2 24 1
github.com/MatveyArbuzov/fincart/internal/order/handler.go:59.3,68.2 3 1
github.com/MatveyArbuzov/fincart/internal/order/handler.go:74.52,78.2 1 1
github.com/MatveyArbuzov/fincart/internal/order/handler.go:80.71,82.9 2 1
github.com/MatveyArbuzov/fincart/internal/order/handler.go:82.9,89.3 2 1
github.com/MatveyArbuzov/fincart/internal/order/handler.go:91.2,95.65 3 1
github.com/MatveyArbuzov/fincart/internal/order/handler.go:95.65,102.3 2 1
github.com/MatveyArbuzov/fincart/internal/order/handler.go:104.2,110.16 2 1
github.com/MatveyArbuzov/fincart/internal/order/handler.go:110.16,111.10 1 1
github.com/MatveyArbuzov/fincart/internal/order/handler.go:112.40,117.5 1 1
github.com/MatveyArbuzov/fincart/internal/order/handler.go:119.45,124.5 1 1
github.com/MatveyArbuzov/fincart/internal/order/handler.go:125.43,130.5 1 1
github.com/MatveyArbuzov/fincart/internal/order/handler.go:131.47,136.5 1 1
github.com/MatveyArbuzov/fincart/internal/order/handler.go:137.11,147.5 2 1
github.com/MatveyArbuzov/fincart/internal/order/handler.go:150.3,150.9 1 1
github.com/MatveyArbuzov/fincart/internal/order/handler.go:153.2,160.57 3 1
github.com/MatveyArbuzov/fincart/internal/order/handler.go:160.57,165.3 1 0
github.com/MatveyArbuzov/fincart/internal/order/handler.go:168.71,171.25 2 1
github.com/MatveyArbuzov/fincart/internal/order/handler.go:171.25,175.3 3 1
github.com/MatveyArbuzov/fincart/internal/order/handler.go:177.2,178.32 2 1
github.com/MatveyArbuzov/fincart/internal/order/handler.go:178.32,185.3 2 1
github.com/MatveyArbuzov/fincart/internal/order/handler.go:187.2,188.9 2 1
github.com/MatveyArbuzov/fincart/internal/order/handler.go:188.9,195.3 2 1
github.com/MatveyArbuzov/fincart/internal/order/handler.go:197.2,205.16 3 1
github.com/MatveyArbuzov/fincart/internal/order/handler.go:205.16,206.10 1 1
github.com/MatveyArbuzov/fincart/internal/order/handler.go:207.40,212.5 1 0
github.com/MatveyArbuzov/fincart/internal/order/handler.go:214.41,219.5 1 1
github.com/MatveyArbuzov/fincart/internal/order/handler.go:221.45,226.5 1 1
github.com/MatveyArbuzov/fincart/internal/order/handler.go:228.42,233.5 1 1
github.com/MatveyArbuzov/fincart/internal/order/handler.go:235.11,245.5 2 1
github.com/MatveyArbuzov/fincart/internal/order/handler.go:248.3,248.9 1 1
github.com/MatveyArbuzov/fincart/internal/order/handler.go:251.2,251.37 1 1
github.com/MatveyArbuzov/fincart/internal/order/handler.go:257.3,259.9 2 1
github.com/MatveyArbuzov/fincart/internal/order/handler.go:259.9,266.3 2 1
github.com/MatveyArbuzov/fincart/internal/order/handler.go:268.2,275.27 3 1
github.com/MatveyArbuzov/fincart/internal/order/handler.go:275.27,282.3 2 1
github.com/MatveyArbuzov/fincart/internal/order/handler.go:284.2,290.16 2 1
github.com/MatveyArbuzov/fincart/internal/order/handler.go:290.16,291.10 1 1
github.com/MatveyArbuzov/fincart/internal/order/handler.go:292.40,297.5 1 0
github.com/MatveyArbuzov/fincart/internal/order/handler.go:299.41,304.5 1 1
github.com/MatveyArbuzov/fincart/internal/order/handler.go:305.42,310.5 1 1
github.com/MatveyArbuzov/fincart/internal/order/handler.go:312.11,322.5 2 1
github.com/MatveyArbuzov/fincart/internal/order/handler.go:325.3,325.9 1 1
github.com/MatveyArbuzov/fincart/internal/order/handler.go:328.2,343.60 4 1
github.com/MatveyArbuzov/fincart/internal/order/handler.go:343.60,348.3 1 0
github.com/MatveyArbuzov/fincart/internal/order/handler.go:351.68,355.32 3 1
github.com/MatveyArbuzov/fincart/internal/order/handler.go:355.32,362.3 2 1
github.com/MatveyArbuzov/fincart/internal/order/handler.go:364.2,365.9 2 1
github.com/MatveyArbuzov/fincart/internal/order/handler.go:365.9,372.3 2 1
github.com/MatveyArbuzov/fincart/internal/order/handler.go:374.2,382.16 3 1
github.com/MatveyArbuzov/fincart/internal/order/handler.go:382.16,383.10 1 1
github.com/MatveyArbuzov/fincart/internal/order/handler.go:384.40,389.5 1 0
github.com/MatveyArbuzov/fincart/internal/order/handler.go:391.41,396.5 1 1
github.com/MatveyArbuzov/fincart/internal/order/handler.go:397.42,402.5 1 1
github.com/MatveyArbuzov/fincart/internal/order/handler.go:403.45,408.5 1 1
github.com/MatveyArbuzov/fincart/internal/order/handler.go:410.41,415.5 1 1
github.com/MatveyArbuzov/fincart/internal/order/handler.go:417.42,422.5 1 1
github.com/MatveyArbuzov/fincart/internal/order/handler.go:424.11,434.5 2 1
github.com/MatveyArbuzov/fincart/internal/order/handler.go:437.3,437.9 1 1
github.com/MatveyArbuzov/fincart/internal/order/handler.go:440.2,440.37 1 1
github.com/MatveyArbuzov/fincart/internal/order/handler.go:446.3,450.16 2 1
github.com/MatveyArbuzov/fincart/internal/order/handler.go:450.16,463.3 3 1
github.com/MatveyArbuzov/fincart/internal/order/handler.go:465.2,478.60 4 1
github.com/MatveyArbuzov/fincart/internal/order/handler.go:478.60,483.3 1 0
github.com/MatveyArbuzov/fincart/internal/order/handler.go:489.3,495.32 2 1
github.com/MatveyArbuzov/fincart/internal/order/handler.go:495.32,502.3 2 1
github.com/MatveyArbuzov/fincart/internal/order/handler.go:504.2,506.65 2 1
github.com/MatveyArbuzov/fincart/internal/order/handler.go:506.65,513.3 2 1
github.com/MatveyArbuzov/fincart/internal/order/handler.go:515.2,519.16 1 1
github.com/MatveyArbuzov/fincart/internal/order/handler.go:519.16,520.10 1 1
github.com/MatveyArbuzov/fincart/internal/order/handler.go:521.40,526.5 1 0
github.com/MatveyArbuzov/fincart/internal/order/handler.go:528.41,533.5 1 1
github.com/MatveyArbuzov/fincart/internal/order/handler.go:535.45,540.5 1 1
github.com/MatveyArbuzov/fincart/internal/order/handler.go:542.11,552.5 2 1
github.com/MatveyArbuzov/fincart/internal/order/handler.go:555.3,555.9 1 1
github.com/MatveyArbuzov/fincart/internal/order/handler.go:558.2,558.37 1 1
github.com/MatveyArbuzov/fincart/internal/order/postgres_repository.go:13.50,15.2 1 1
github.com/MatveyArbuzov/fincart/internal/order/postgres_repository.go:21.18,45.16 3 1
github.com/MatveyArbuzov/fincart/internal/order/postgres_repository.go:45.16,47.3 1 1
github.com/MatveyArbuzov/fincart/internal/order/postgres_repository.go:49.2,49.19 1 1
github.com/MatveyArbuzov/fincart/internal/order/postgres_repository.go:56.22,77.16 3 1
github.com/MatveyArbuzov/fincart/internal/order/postgres_repository.go:77.16,79.3 1 1
github.com/MatveyArbuzov/fincart/internal/order/postgres_repository.go:81.2,81.18 1 1
github.com/MatveyArbuzov/fincart/internal/order/postgres_repository.go:88.18,117.16 4 1
github.com/MatveyArbuzov/fincart/internal/order/postgres_repository.go:117.16,118.27 1 1
github.com/MatveyArbuzov/fincart/internal/order/postgres_repository.go:118.27,120.4 1 1
github.com/MatveyArbuzov/fincart/internal/order/postgres_repository.go:122.3,122.22 1 1
github.com/MatveyArbuzov/fincart/internal/order/postgres_repository.go:125.2,125.19 1 1
github.com/MatveyArbuzov/fincart/internal/order/postgres_repository.go:132.24,150.16 3 1
github.com/MatveyArbuzov/fincart/internal/order/postgres_repository.go:150.16,152.3 1 1
github.com/MatveyArbuzov/fincart/internal/order/postgres_repository.go:153.2,157.18 3 1
github.com/MatveyArbuzov/fincart/internal/order/postgres_repository.go:157.18,166.17 2 1
github.com/MatveyArbuzov/fincart/internal/order/postgres_repository.go:166.17,168.4 1 1
github.com/MatveyArbuzov/fincart/internal/order/postgres_repository.go:170.3,170.30 1 1
github.com/MatveyArbuzov/fincart/internal/order/postgres_repository.go:173.2,173.35 1 1
github.com/MatveyArbuzov/fincart/internal/order/postgres_repository.go:173.35,175.3 1 1
github.com/MatveyArbuzov/fincart/internal/order/postgres_repository.go:177.2,177.19 1 1
github.com/MatveyArbuzov/fincart/internal/order/postgres_repository.go:185.9,200.2 3 1
github.com/MatveyArbuzov/fincart/internal/order/postgres_repository.go:206.18,234.16 4 1
github.com/MatveyArbuzov/fincart/internal/order/postgres_repository.go:234.16,235.27 1 1
github.com/MatveyArbuzov/fincart/internal/order/postgres_repository.go:235.27,237.4 1 1
github.com/MatveyArbuzov/fincart/internal/order/postgres_repository.go:239.3,239.22 1 1
github.com/MatveyArbuzov/fincart/internal/order/postgres_repository.go:242.2,242.19 1 1
github.com/MatveyArbuzov/fincart/internal/order/postgres_repository.go:248.20,265.16 3 1
github.com/MatveyArbuzov/fincart/internal/order/postgres_repository.go:265.16,267.3 1 1
github.com/MatveyArbuzov/fincart/internal/order/postgres_repository.go:268.2,272.18 3 1
github.com/MatveyArbuzov/fincart/internal/order/postgres_repository.go:272.18,282.17 2 1
github.com/MatveyArbuzov/fincart/internal/order/postgres_repository.go:282.17,284.4 1 1
github.com/MatveyArbuzov/fincart/internal/order/postgres_repository.go:286.3,286.33 1 1
github.com/MatveyArbuzov/fincart/internal/order/postgres_repository.go:289.2,289.35 1 1
github.com/MatveyArbuzov/fincart/internal/order/postgres_repository.go:289.35,291.3 1 1
github.com/MatveyArbuzov/fincart/internal/order/postgres_repository.go:293.2,293.20 1 1
github.com/MatveyArbuzov/fincart/internal/order/service.go:70.12,77.2 1 1
github.com/MatveyArbuzov/fincart/internal/order/service.go:83.18,84.17 1 1
github.com/MatveyArbuzov/fincart/internal/order/service.go:84.17,86.3 1 1
github.com/MatveyArbuzov/fincart/internal/order/service.go:88.2,88.29 1 1
github.com/MatveyArbuzov/fincart/internal/order/service.go:88.29,90.3 1 1
github.com/MatveyArbuzov/fincart/internal/order/service.go:92.2,94.37 2 1
github.com/MatveyArbuzov/fincart/internal/order/service.go:94.37,95.48 1 1
github.com/MatveyArbuzov/fincart/internal/order/service.go:95.48,97.4 1 1
github.com/MatveyArbuzov/fincart/internal/order/service.go:99.3,99.46 1 1
github.com/MatveyArbuzov/fincart/internal/order/service.go:102.2,104.36 2 1
github.com/MatveyArbuzov/fincart/internal/order/service.go:104.36,106.3 1 1
github.com/MatveyArbuzov/fincart/internal/order/service.go:108.2,108.45 1 1
github.com/MatveyArbuzov/fincart/internal/order/service.go:108.45,110.3 1 1
github.com/MatveyArbuzov/fincart/internal/order/service.go:112.2,114.74 2 1
github.com/MatveyArbuzov/fincart/internal/order/service.go:114.74,120.40 4 1
github.com/MatveyArbuzov/fincart/internal/order/service.go:120.40,126.18 2 1
github.com/MatveyArbuzov/fincart/internal/order/service.go:126.18,127.51 1 1
github.com/MatveyArbuzov/fincart/internal/order/service.go:127.51,129.6 1 1
github.com/MatveyArbuzov/fincart/internal/order/service.go:131.5,131.15 1 0
github.com/MatveyArbuzov/fincart/internal/order/service.go:134.4,136.39 2 1
github.com/MatveyArbuzov/fincart/internal/order/service.go:136.39,138.5 1 1
github.com/MatveyArbuzov/fincart/internal/order/service.go:140.4,140.22 1 1
github.com/MatveyArbuzov/fincart/internal/order/service.go:140.22,142.5 1 1
github.com/MatveyArbuzov/fincart/internal/order/service.go:144.4,144.43 1 1
github.com/MatveyArbuzov/fincart/internal/order/service.go:144.43,146.5 1 1
github.com/MatveyArbuzov/fincart/internal/order/service.go:148.4,150.47 2 1
github.com/MatveyArbuzov/fincart/internal/order/service.go:153.3,163.17 4 1
github.com/MatveyArbuzov/fincart/internal/order/service.go:163.17,165.4 1 1
github.com/MatveyArbuzov/fincart/internal/order/service.go:167.3,167.43 1 1
github.com/MatveyArbuzov/fincart/internal/order/service.go:167.43,180.18 3 1
github.com/MatveyArbuzov/fincart/internal/order/service.go:180.18,182.5 1 0
github.com/MatveyArbuzov/fincart/internal/order/service.go:184.4,189.18 1 1
github.com/MatveyArbuzov/fincart/internal/order/service.go:189.18,191.5 1 0
github.com/MatveyArbuzov/fincart/internal/order/service.go:194.3,194.13 1 1
github.com/MatveyArbuzov/fincart/internal/order/service.go:197.2,197.16 1 1
github.com/MatveyArbuzov/fincart/internal/order/service.go:197.16,199.3 1 1
github.com/MatveyArbuzov/fincart/internal/order/service.go:201.2,201.26 1 1
github.com/MatveyArbuzov/fincart/internal/order/service.go:208.9,209.33 1 1
github.com/MatveyArbuzov/fincart/internal/order/service.go:209.33,211.3 1 1
github.com/MatveyArbuzov/fincart/internal/order/service.go:213.2,215.30 1 1
github.com/MatveyArbuzov/fincart/internal/order/service.go:215.30,221.18 2 1
github.com/MatveyArbuzov/fincart/internal/order/service.go:221.18,223.5 1 1
github.com/MatveyArbuzov/fincart/internal/order/service.go:225.4,225.37 1 1
github.com/MatveyArbuzov/fincart/internal/order/service.go:225.37,227.5 1 1
github.com/MatveyArbuzov/fincart/internal/order/service.go:229.4,229.62 1 1
github.com/MatveyArbuzov/fincart/internal/order/service.go:229.62,231.5 1 1
github.com/MatveyArbuzov/fincart/internal/order/service.go:233.4,238.18 2 1
github.com/MatveyArbuzov/fincart/internal/order/service.go:238.18,240.5 1 1
github.com/MatveyArbuzov/fincart/internal/order/service.go:242.4,242.31 1 1
github.com/MatveyArbuzov/fincart/internal/order/service.go:242.31,248.19 1 1
github.com/MatveyArbuzov/fincart/internal/order/service.go:248.19,250.6 1 0
github.com/MatveyArbuzov/fincart/internal/order/service.go:253.4,258.5 1 1
github.com/MatveyArbuzov/fincart/internal/order/service.go:267.31,268.33 1 1
github.com/MatveyArbuzov/fincart/internal/order/service.go:268.33,270.3 1 1
github.com/MatveyArbuzov/fincart/internal/order/service.go:272.2,277.30 3 1
github.com/MatveyArbuzov/fincart/internal/order/service.go:277.30,283.18 2 1
github.com/MatveyArbuzov/fincart/internal/order/service.go:283.18,285.5 1 1
github.com/MatveyArbuzov/fincart/internal/order/service.go:287.4,287.30 1 1
github.com/MatveyArbuzov/fincart/internal/order/service.go:287.30,289.5 1 1
github.com/MatveyArbuzov/fincart/internal/order/service.go:291.4,296.18 2 1
github.com/MatveyArbuzov/fincart/internal/order/service.go:296.18,298.5 1 1
github.com/MatveyArbuzov/fincart/internal/order/service.go:300.4,303.14 3 1
github.com/MatveyArbuzov/fincart/internal/order/service.go:307.2,307.16 1 1
github.com/MatveyArbuzov/fincart/internal/order/service.go:307.16,309.3 1 1
github.com/MatveyArbuzov/fincart/internal/order/service.go:311.2,311.27 1 1
github.com/MatveyArbuzov/fincart/internal/order/service.go:316.20,321.30 2 1
github.com/MatveyArbuzov/fincart/internal/order/service.go:321.30,330.4 3 1
github.com/MatveyArbuzov/fincart/internal/order/service.go:333.2,333.16 1 1
github.com/MatveyArbuzov/fincart/internal/order/service.go:333.16,335.3 1 1
github.com/MatveyArbuzov/fincart/internal/order/service.go:337.2,337.20 1 1
github.com/MatveyArbuzov/fincart/internal/order/service.go:344.9,345.18 1 1
github.com/MatveyArbuzov/fincart/internal/order/service.go:345.18,347.3 1 0
github.com/MatveyArbuzov/fincart/internal/order/service.go:349.2,349.36 1 1
github.com/MatveyArbuzov/fincart/internal/order/service.go:349.36,351.3 1 1
github.com/MatveyArbuzov/fincart/internal/order/service.go:353.2,355.30 1 1
github.com/MatveyArbuzov/fincart/internal/order/service.go:355.30,361.18 2 1
github.com/MatveyArbuzov/fincart/internal/order/service.go:361.18,363.5 1 1
github.com/MatveyArbuzov/fincart/internal/order/service.go:365.4,368.48 3 1
github.com/MatveyArbuzov/fincart/internal/order/service.go:368.48,370.5 1 1
github.com/MatveyArbuzov/fincart/internal/order/service.go:372.4,377.5 1 1
github.com/MatveyArbuzov/fincart/internal/order/service.go:386.9,387.33 1 1
github.com/MatveyArbuzov/fincart/internal/order/service.go:387.33,389.3 1 0
github.com/MatveyArbuzov/fincart/internal/order/service.go:391.2,393.30 1 1
github.com/MatveyArbuzov/fincart/internal/order/service.go:393.30,399.18 2 1
github.com/MatveyArbuzov/fincart/internal/order/service.go:399.18,401.5 1 1
github.com/MatveyArbuzov/fincart/internal/order/service.go:403.4,403.37 1 1
github.com/MatveyArbuzov/fincart/internal/order/service.go:403.37,405.5 1 1
github.com/MatveyArbuzov/fincart/internal/order/service.go:407.4,407.62 1 1
github.com/MatveyArbuzov/fincart/internal/order/service.go:407.62,409.5 1 1
github.com/MatveyArbuzov/fincart/internal/order/service.go:411.4,417.18 2 1
github.com/MatveyArbuzov/fincart/internal/order/service.go:417.18,419.5 1 1
github.com/MatveyArbuzov/fincart/internal/order/service.go:421.4,421.18 1 1
github.com/MatveyArbuzov/fincart/internal/order/service.go:422.31,428.6 1 1
github.com/MatveyArbuzov/fincart/internal/order/service.go:430.30,431.28 1 1
github.com/MatveyArbuzov/fincart/internal/order/service.go:433.31,434.29 1 1
github.com/MatveyArbuzov/fincart/internal/order/service.go:436.12,437.28 1 1
github.com/MatveyArbuzov/fincart/internal/order/status.go:15.37,16.11 1 1
github.com/MatveyArbuzov/fincart/internal/order/status.go:24.24,25.14 1 1
github.com/MatveyArbuzov/fincart/internal/order/status.go:26.10,27.15 1 1
github.com/MatveyArbuzov/fincart/internal/order/status.go:34.8,35.14 1 1
github.com/MatveyArbuzov/fincart/internal/order/status.go:36.26,38.30 1 1
github.com/MatveyArbuzov/fincart/internal/order/status.go:40.23,41.37 1 1
github.com/MatveyArbuzov/fincart/internal/order/status.go:43.29,44.34 1 1
github.com/MatveyArbuzov/fincart/internal/order/status.go:46.26,47.36 1 1
github.com/MatveyArbuzov/fincart/internal/order/status.go:49.10,50.15 1 1
github.com/MatveyArbuzov/fincart/internal/payment/service.go:26.49,30.2 1 1
github.com/MatveyArbuzov/fincart/internal/payment/service.go:37.19,39.2 1 1
github.com/MatveyArbuzov/fincart/internal/product/handler.go:40.52,44.2 1 1
github.com/MatveyArbuzov/fincart/internal/product/handler.go:49.3,51.16 2 1
github.com/MatveyArbuzov/fincart/internal/product/handler.go:51.16,58.3 2 1
github.com/MatveyArbuzov/fincart/internal/product/handler.go:60.2,71.60 3 1
github.com/MatveyArbuzov/fincart/internal/product/handler.go:71.60,77.3 1 0
github.com/MatveyArbuzov/fincart/internal/product/handler.go:83.3,89.27 2 1
github.com/MatveyArbuzov/fincart/internal/product/handler.go:89.27,96.3 2 1
github.com/MatveyArbuzov/fincart/internal/product/handler.go:98.2,102.16 2 1
github.com/MatveyArbuzov/fincart/internal/product/handler.go:102.16,103.41 1 1
github.com/MatveyArbuzov/fincart/internal/product/handler.go:103.41,110.4 2 1
github.com/MatveyArbuzov/fincart/internal/product/handler.go:112.3,112.40 1 1
github.com/MatveyArbuzov/fincart/internal/product/handler.go:112.40,119.4 2 1
github.com/MatveyArbuzov/fincart/internal/product/handler.go:121.3,126.9 2 1
github.com/MatveyArbuzov/fincart/internal/product/handler.go:129.2,134.59 2 1
github.com/MatveyArbuzov/fincart/internal/product/handler.go:134.59,140.3 1 0
github.com/MatveyArbuzov/fincart/internal/product/handler.go:146.3,149.65 2 1
github.com/MatveyArbuzov/fincart/internal/product/handler.go:149.65,156.3 2 1
github.com/MatveyArbuzov/fincart/internal/product/handler.go:158.2,162.16 2 1
github.com/MatveyArbuzov/fincart/internal/product/handler.go:162.16,163.40 1 1
github.com/MatveyArbuzov/fincart/internal/product/handler.go:163.40,170.4 2 1
github.com/MatveyArbuzov/fincart/internal/product/handler.go:172.3,177.9 2 1
github.com/MatveyArbuzov/fincart/internal/product/handler.go:180.2,187.59 3 1
github.com/MatveyArbuzov/fincart/internal/product/handler.go:187.59,193.3 1 0
github.com/MatveyArbuzov/fincart/internal/product/handler.go:199.3,205.27 2 1
github.com/MatveyArbuzov/fincart/internal/product/handler.go:205.27,212.3 2 1
github.com/MatveyArbuzov/fincart/internal/product/handler.go:214.2,216.65 2 1
github.com/MatveyArbuzov/fincart/internal/product/handler.go:216.65,223.3 2 1
github.com/MatveyArbuzov/fincart/internal/product/handler.go:225.2,230.16 2 1
github.com/MatveyArbuzov/fincart/internal/product/handler.go:230.16,231.10 1 1
github.com/MatveyArbuzov/fincart/internal/product/handler.go:232.42,237.5 1 1
github.com/MatveyArbuzov/fincart/internal/product/handler.go:239.43,244.5 1 1
github.com/MatveyArbuzov/fincart/internal/product/handler.go:246.11,251.5 1 1
github.com/MatveyArbuzov/fincart/internal/product/handler.go:254.3,254.9 1 1
github.com/MatveyArbuzov/fincart/internal/product/handler.go:257.2,264.59 3 1
github.com/MatveyArbuzov/fincart/internal/product/handler.go:264.59,270.3 1 0
github.com/MatveyArbuzov/fincart/internal/product/handler.go:276.3,282.27 2 1
github.com/MatveyArbuzov/fincart/internal/product/handler.go:282.27,289.3 2 1
github.com/MatveyArbuzov/fincart/internal/product/handler.go:291.2,295.16 2 1
github.com/MatveyArbuzov/fincart/internal/product/handler.go:295.16,296.10 1 1
github.com/MatveyArbuzov/fincart/internal/product/handler.go:297.42,302.5 1 1
github.com/MatveyArbuzov/fincart/internal/product/handler.go:304.43,309.5 1 1
github.com/MatveyArbuzov/fincart/internal/product/handler.go:311.11,316.5 1 1
github.com/MatveyArbuzov/fincart/internal/product/handler.go:319.3,319.9 1 1
github.com/MatveyArbuzov/fincart/internal/product/handler.go:322.2,322.37 1 1
github.com/MatveyArbuzov/fincart/internal/product/memory_rpository.go:14.46,35.2 1 1
github.com/MatveyArbuzov/fincart/internal/product/memory_rpository.go:37.84,38.37 1 1
github.com/MatveyArbuzov/fincart/internal/product/memory_rpository.go:38.37,39.23 1 1
github.com/MatveyArbuzov/fincart/internal/product/memory_rpository.go:39.23,41.4 1 1
github.com/MatveyArbuzov/fincart/internal/product/memory_rpository.go:44.2,44.38 1 1
github.com/MatveyArbuzov/fincart/internal/product/memory_rpository.go:47.73,49.2 1 0
github.com/MatveyArbuzov/fincart/internal/product/postgres_repository.go:12.60,16.2 1 1
github.com/MatveyArbuzov/fincart/internal/product/postgres_repository.go:18.86,42.16 4 1
github.com/MatveyArbuzov/fincart/internal/product/postgres_repository.go:42.16,43.27 1 1
github.com/MatveyArbuzov/fincart/internal/product/postgres_repository.go:43.27,45.4 1 1
github.com/MatveyArbuzov/fincart/internal/product/postgres_repository.go:47.3,47.24 1 1
github.com/MatveyArbuzov/fincart/internal/product/postgres_repository.go:50.2,50.21 1 1
github.com/MatveyArbuzov/fincart/internal/product/postgres_repository.go:53.75,67.16 3 1
github.com/MatveyArbuzov/fincart/internal/product/postgres_repository.go:67.16,69.3 1 1
github.com/MatveyArbuzov/fincart/internal/product/postgres_repository.go:70.2,74.18 3 1
github.com/MatveyArbuzov/fincart/internal/product/postgres_repository.go:74.18,84.17 2 1
github.com/MatveyArbuzov/fincart/internal/product/postgres_repository.go:84.17,86.4 1 1
github.com/MatveyArbuzov/fincart/internal/product/postgres_repository.go:88.3,88.39 1 1
github.com/MatveyArbuzov/fincart/internal/product/postgres_repository.go:91.2,91.35 1 1
github.com/MatveyArbuzov/fincart/internal/product/postgres_repository.go:91.35,93.3 1 1
github.com/MatveyArbuzov/fincart/internal/product/postgres_repository.go:95.2,95.22 1 1
github.com/MatveyArbuzov/fincart/internal/product/service.go:32.12,38.2 1 1
github.com/MatveyArbuzov/fincart/internal/product/service.go:43.20,44.13 1 1
github.com/MatveyArbuzov/fincart/internal/product/service.go:44.13,46.3 1 1
github.com/MatveyArbuzov/fincart/internal/product/service.go:48.2,48.38 1 1
github.com/MatveyArbuzov/fincart/internal/product/service.go:53.22,55.2 1 1
github.com/MatveyArbuzov/fincart/internal/product/service.go:60.20,69.49 2 1
github.com/MatveyArbuzov/fincart/internal/product/service.go:69.49,71.3 1 1
github.com/MatveyArbuzov/fincart/internal/product/service.go:73.2,77.30 2 1
github.com/MatveyArbuzov/fincart/internal/product/service.go:77.30,87.4 3 1
github.com/MatveyArbuzov/fincart/internal/product/service.go:89.2,89.16 1 1
github.com/MatveyArbuzov/fincart/internal/product/service.go:89.16,91.3 1 1
github.com/MatveyArbuzov/fincart/internal/product/service.go:93.2,93.21 1 1
github.com/MatveyArbuzov/fincart/internal/product/service.go:100.20,101.13 1 1
github.com/MatveyArbuzov/fincart/internal/product/service.go:101.13,103.3 1 1
github.com/MatveyArbuzov/fincart/internal/product/service.go:105.2,114.49 2 1
github.com/MatveyArbuzov/fincart/internal/product/service.go:114.49,116.3 1 1
github.com/MatveyArbuzov/fincart/internal/product/service.go:118.2,122.30 2 1
github.com/MatveyArbuzov/fincart/internal/product/service.go:122.30,128.18 2 1
github.com/MatveyArbuzov/fincart/internal/product/service.go:128.18,130.5 1 1
github.com/MatveyArbuzov/fincart/internal/product/service.go:132.4,138.18 2 1
github.com/MatveyArbuzov/fincart/internal/product/service.go:138.18,140.5 1 1
github.com/MatveyArbuzov/fincart/internal/product/service.go:142.4,144.14 2 1
github.com/MatveyArbuzov/fincart/internal/product/service.go:147.2,147.16 1 1
github.com/MatveyArbuzov/fincart/internal/product/service.go:147.16,149.3 1 1
github.com/MatveyArbuzov/fincart/internal/product/service.go:151.2,151.21 1 1
github.com/MatveyArbuzov/fincart/internal/product/service.go:157.9,158.13 1 1
github.com/MatveyArbuzov/fincart/internal/product/service.go:158.13,160.3 1 1
github.com/MatveyArbuzov/fincart/internal/product/service.go:162.2,164.30 1 1
github.com/MatveyArbuzov/fincart/internal/product/service.go:164.30,170.4 1 1
github.com/MatveyArbuzov/fincart/internal/product/service.go:174.45,175.24 1 1
github.com/MatveyArbuzov/fincart/internal/product/service.go:175.24,177.3 1 1
github.com/MatveyArbuzov/fincart/internal/product/service.go:179.2,179.29 1 1
github.com/MatveyArbuzov/fincart/internal/product/service.go:179.29,181.3 1 1
github.com/MatveyArbuzov/fincart/internal/product/service.go:183.2,183.23 1 1
github.com/MatveyArbuzov/fincart/internal/product/service.go:183.23,185.3 1 1
github.com/MatveyArbuzov/fincart/internal/product/service.go:187.2,187.23 1 1
github.com/MatveyArbuzov/fincart/internal/product/service.go:187.23,189.3 1 1
github.com/MatveyArbuzov/fincart/internal/product/service.go:191.2,191.28 1 1
github.com/MatveyArbuzov/fincart/internal/product/service.go:191.28,193.3 1 1
github.com/MatveyArbuzov/fincart/internal/product/service.go:195.2,195.32 1 1
github.com/MatveyArbuzov/fincart/internal/product/service.go:195.32,197.3 1 1
github.com/MatveyArbuzov/fincart/internal/product/service.go:199.2,199.12 1 1
github.com/MatveyArbuzov/fincart/internal/product/transaction_repository.go:52.72,54.2 1 1
github.com/MatveyArbuzov/fincart/internal/product/transaction_repository.go:60.20,85.16 4 1
github.com/MatveyArbuzov/fincart/internal/product/transaction_repository.go:85.16,86.27 1 1
github.com/MatveyArbuzov/fincart/internal/product/transaction_repository.go:86.27,88.4 1 1
github.com/MatveyArbuzov/fincart/internal/product/transaction_repository.go:90.3,90.24 1 1
github.com/MatveyArbuzov/fincart/internal/product/transaction_repository.go:93.2,93.21 1 1
github.com/MatveyArbuzov/fincart/internal/product/transaction_repository.go:101.9,116.2 3 1
github.com/MatveyArbuzov/fincart/internal/product/transaction_repository.go:123.9,138.2 3 1
github.com/MatveyArbuzov/fincart/internal/product/transaction_repository.go:144.20,182.16 4 1
github.com/MatveyArbuzov/fincart/internal/product/transaction_repository.go:182.16,184.3 1 1
github.com/MatveyArbuzov/fincart/internal/product/transaction_repository.go:186.2,186.21 1 1
github.com/MatveyArbuzov/fincart/internal/product/transaction_repository.go:193.9,215.16 3 1
github.com/MatveyArbuzov/fincart/internal/product/transaction_repository.go:215.16,217.3 1 1
github.com/MatveyArbuzov/fincart/internal/product/transaction_repository.go:219.2,220.16 2 1
github.com/MatveyArbuzov/fincart/internal/product/transaction_repository.go:220.16,222.3 1 0
github.com/MatveyArbuzov/fincart/internal/product/transaction_repository.go:224.2,224.23 1 1
github.com/MatveyArbuzov/fincart/internal/product/transaction_repository.go:224.23,226.3 1 1
github.com/MatveyArbuzov/fincart/internal/product/transaction_repository.go:228.2,228.12 1 1
github.com/MatveyArbuzov/fincart/internal/product/transaction_repository.go:235.9,246.16 3 1
github.com/MatveyArbuzov/fincart/internal/product/transaction_repository.go:246.16,248.3 1 1
github.com/MatveyArbuzov/fincart/internal/product/transaction_repository.go:250.2,251.16 2 1
github.com/MatveyArbuzov/fincart/internal/product/transaction_repository.go:251.16,253.3 1 0
github.com/MatveyArbuzov/fincart/internal/product/transaction_repository.go:255.2,255.23 1 1
github.com/MatveyArbuzov/fincart/internal/product/transaction_repository.go:255.23,257.3 1 1
github.com/MatveyArbuzov/fincart/internal/product/transaction_repository.go:259.2,259.12 1 1
github.com/MatveyArbuzov/fincart/internal/user/handler.go:21.12,27.2 1 1
github.com/MatveyArbuzov/fincart/internal/user/handler.go:48.3,61.2 3 1
github.com/MatveyArbuzov/fincart/internal/user/handler.go:66.3,69.65 2 1
github.com/MatveyArbuzov/fincart/internal/user/handler.go:69.65,76.3 2 1
github.com/MatveyArbuzov/fincart/internal/user/handler.go:78.2,84.16 2 1
github.com/MatveyArbuzov/fincart/internal/user/handler.go:84.16,85.10 1 1
github.com/MatveyArbuzov/fincart/internal/user/handler.go:86.39,91.5 1 1
github.com/MatveyArbuzov/fincart/internal/user/handler.go:93.11,98.5 1 1
github.com/MatveyArbuzov/fincart/internal/user/handler.go:101.3,101.9 1 1
github.com/MatveyArbuzov/fincart/internal/user/handler.go:104.2,111.37 3 1
github.com/MatveyArbuzov/fincart/internal/user/handler.go:117.3,120.65 2 1
github.com/MatveyArbuzov/fincart/internal/user/handler.go:120.65,127.3 2 1
github.com/MatveyArbuzov/fincart/internal/user/handler.go:129.2,135.16 2 1
github.com/MatveyArbuzov/fincart/internal/user/handler.go:135.16,136.10 1 1
github.com/MatveyArbuzov/fincart/internal/user/handler.go:137.46,142.5 1 1
github.com/MatveyArbuzov/fincart/internal/user/handler.go:144.11,149.5 1 0
github.com/MatveyArbuzov/fincart/internal/user/handler.go:152.3,152.9 1 1
github.com/MatveyArbuzov/fincart/internal/user/handler.go:155.2,161.16 2 1
github.com/MatveyArbuzov/fincart/internal/user/handler.go:161.16,168.3 2 0
github.com/MatveyArbuzov/fincart/internal/user/handler.go:170.2,181.3 2 1
github.com/MatveyArbuzov/fincart/internal/user/handler.go:187.3,190.65 2 1
github.com/MatveyArbuzov/fincart/internal/user/handler.go:190.65,197.3 2 0
github.com/MatveyArbuzov/fincart/internal/user/handler.go:199.2,199.32 1 1
github.com/MatveyArbuzov/fincart/internal/user/handler.go:199.32,206.3 2 1
github.com/MatveyArbuzov/fincart/internal/user/handler.go:208.2,213.16 2 1
github.com/MatveyArbuzov/fincart/internal/user/handler.go:213.16,214.10 1 1
github.com/MatveyArbuzov/fincart/internal/user/handler.go:217.48,223.5 1 1
github.com/MatveyArbuzov/fincart/internal/user/handler.go:225.11,230.5 1 0
github.com/MatveyArbuzov/fincart/internal/user/handler.go:233.3,233.9 1 1
github.com/MatveyArbuzov/fincart/internal/user/handler.go:236.2,246.3 2 0
github.com/MatveyArbuzov/fincart/internal/user/handler.go:252.3,255.65 2 1
github.com/MatveyArbuzov/fincart/internal/user/handler.go:255.65,262.3 2 0
github.com/MatveyArbuzov/fincart/internal/user/handler.go:264.2,264.32 1 1
github.com/MatveyArbuzov/fincart/internal/user/handler.go:264.32,271.3 2 1
github.com/MatveyArbuzov/fincart/internal/user/handler.go:273.2,278.16 2 1
github.com/MatveyArbuzov/fincart/internal/user/handler.go:278.16,279.10 1 0
github.com/MatveyArbuzov/fincart/internal/user/handler.go:280.52,285.5 1 0
github.com/MatveyArbuzov/fincart/internal/user/handler.go:287.11,292.5 1 0
github.com/MatveyArbuzov/fincart/internal/user/handler.go:295.3,295.9 1 0
github.com/MatveyArbuzov/fincart/internal/user/handler.go:298.2,298.37 1 1
github.com/MatveyArbuzov/fincart/internal/user/model.go:12.30,13.11 1 1
github.com/MatveyArbuzov/fincart/internal/user/model.go:14.27,15.14 1 1
github.com/MatveyArbuzov/fincart/internal/user/model.go:16.10,17.15 1 1
github.com/MatveyArbuzov/fincart/internal/user/postgres_repository.go:16.50,18.2 1 1
github.com/MatveyArbuzov/fincart/internal/user/postgres_repository.go:26.17,52.16 4 1
github.com/MatveyArbuzov/fincart/internal/user/postgres_repository.go:52.16,54.3 1 1
github.com/MatveyArbuzov/fincart/internal/user/postgres_repository.go:56.2,56.18 1 1
github.com/MatveyArbuzov/fincart/internal/user/postgres_repository.go:63.25,92.16 4 1
github.com/MatveyArbuzov/fincart/internal/user/postgres_repository.go:92.16,93.36 1 1
github.com/MatveyArbuzov/fincart/internal/user/postgres_repository.go:93.36,95.4 1 1
github.com/MatveyArbuzov/fincart/internal/user/postgres_repository.go:97.3,97.25 1 1
github.com/MatveyArbuzov/fincart/internal/user/postgres_repository.go:100.2,100.32 1 1
github.com/MatveyArbuzov/fincart/internal/user/postgres_repository.go:107.19,122.16 4 1
github.com/MatveyArbuzov/fincart/internal/user/postgres_repository.go:122.16,123.36 1 1
github.com/MatveyArbuzov/fincart/internal/user/postgres_repository.go:123.36,125.4 1 1
github.com/MatveyArbuzov/fincart/internal/user/postgres_repository.go:127.3,127.17 1 1
github.com/MatveyArbuzov/fincart/internal/user/postgres_repository.go:130.2,130.18 1 1
github.com/MatveyArbuzov/fincart/internal/user/service.go:32.12,37.2 1 1
github.com/MatveyArbuzov/fincart/internal/user/service.go:43.17,46.35 2 1
github.com/MatveyArbuzov/fincart/internal/user/service.go:46.35,48.3 1 1
github.com/MatveyArbuzov/fincart/internal/user/service.go:50.2,54.16 2 1
github.com/MatveyArbuzov/fincart/internal/user/service.go:54.16,56.3 1 0
github.com/MatveyArbuzov/fincart/internal/user/service.go:58.2,62.30 2 1
github.com/MatveyArbuzov/fincart/internal/user/service.go:62.30,74.4 3 1
github.com/MatveyArbuzov/fincart/internal/user/service.go:77.2,77.16 1 1
github.com/MatveyArbuzov/fincart/internal/user/service.go:77.16,79.3 1 1
github.com/MatveyArbuzov/fincart/internal/user/service.go:81.2,81.20 1 1
github.com/MatveyArbuzov/fincart/internal/user/service.go:88.17,91.35 2 1
github.com/MatveyArbuzov/fincart/internal/user/service.go:91.35,93.3 1 1
github.com/MatveyArbuzov/fincart/internal/user/service.go:95.2,99.30 2 1
github.com/MatveyArbuzov/fincart/internal/user/service.go:99.30,105.18 2 1
github.com/MatveyArbuzov/fincart/internal/user/service.go:105.18,106.40 1 1
github.com/MatveyArbuzov/fincart/internal/user/service.go:106.40,108.6 1 1
github.com/MatveyArbuzov/fincart/internal/user/service.go:110.5,110.15 1 1
github.com/MatveyArbuzov/fincart/internal/user/service.go:113.4,116.18 1 1
github.com/MatveyArbuzov/fincart/internal/user/service.go:116.18,118.5 1 1
github.com/MatveyArbuzov/fincart/internal/user/service.go:120.4,122.14 2 1
github.com/MatveyArbuzov/fincart/internal/user/service.go:126.2,126.16 1 1
github.com/MatveyArbuzov/fincart/internal/user/service.go:126.16,128.3 1 1
github.com/MatveyArbuzov/fincart/internal/user/service.go:130.2,130.20 1 1
